Configuration file: C:/Coding/WhiteBin-bin.github.io/_config.yml
            Source: C:/Coding/WhiteBin-bin.github.io
       Destination: C:/Coding/WhiteBin-bin.github.io/_site
 Incremental build: disabled. Enable with --incremental
      Generating... 
bundle : [31m  Liquid Exception: Inval
id syntax for include tag: category=pag
e.categories[0] Valid syntax: {% includ
e file.ext param='value' param2='value'
 %} in C:/Coding/WhiteBin-bin.github.io
/_layouts/post.html[0m
At line:1 char:1
+ bundle exec jekyll build --trace > bu
ild_error.log 2>&1; cat build_er ...
+ ~~~~~~~~~~~~~~~~~~~~~~~~~~~~~~~~~~~~~
~~~~~~~~~~~~~~~~~~
    + CategoryInfo          : NotSpeci 
   fied: ([31m  Liquid E...s/post.ht  
  ml[0m:String) [], RemoteException
    + FullyQualifiedErrorId : NativeCo 
   mmandError
 
bundler: failed to load command: jekyll
 (C:/Users/100gu/AppData/Local/Microsof
t/WindowsApps/jekyll)
C:/Users/100gu/.local/share/gem/ruby/3.
4.0/gems/jekyll-4.4.1/lib/jekyll/tags/i
nclude.rb:70:in 'Jekyll::Tags::IncludeT
ag#validate_params': Invalid syntax for
 include tag: (ArgumentError)

category=page.categories[0]

Valid syntax:

{% include file.ext param='value' param
2='value' %}



          raise ArgumentError, <<~MSG
                ^^^^^^^^^^^^^^^^^^^^^
	from C:/Users/100gu/.local/share/gem/r
uby/3.4.0/gems/jekyll-4.4.1/lib/jekyll/
tags/include.rb:29:in 'Jekyll::Tags::In
cludeTag#initialize'
	from C:/Users/100gu/.local/share/gem/r
uby/3.4.0/gems/liquid-4.0.4/lib/liquid/
tag.rb:9:in 'Class#new'
	from C:/Users/100gu/.local/share/gem/r
uby/3.4.0/gems/liquid-4.0.4/lib/liquid/
tag.rb:9:in 'Liquid::Tag.parse'
	from C:/Users/100gu/.local/share/gem/r
uby/3.4.0/gems/liquid-4.0.4/lib/liquid/
block_body.rb:34:in 'Liquid::BlockBody#
parse'
	from C:/Users/100gu/.local/share/gem/r
uby/3.4.0/gems/liquid-4.0.4/lib/liquid/
block.rb:58:in 'Liquid::Block#parse_bod
y'
	from C:/Users/100gu/.local/share/gem/r
uby/3.4.0/gems/liquid-4.0.4/lib/liquid/
tags/if.rb:30:in 'Liquid::If#parse'
	from C:/Users/100gu/.local/share/gem/r
uby/3.4.0/gems/liquid-4.0.4/lib/liquid/
tag.rb:10:in 'Liquid::Tag.parse'
	from C:/Users/100gu/.local/share/gem/r
uby/3.4.0/gems/liquid-4.0.4/lib/liquid/
block_body.rb:34:in 'Liquid::BlockBody#
parse'
	from C:/Users/100gu/.local/share/gem/r
uby/3.4.0/gems/liquid-4.0.4/lib/liquid/
document.rb:10:in 'Liquid::Document#par
se'
	from C:/Users/100gu/.local/share/gem/r
uby/3.4.0/gems/liquid-4.0.4/lib/liquid/
document.rb:5:in 'Liquid::Document.pars
e'
	from C:/Users/100gu/.local/share/gem/r
uby/3.4.0/gems/liquid-4.0.4/lib/liquid/
template.rb:130:in 'Liquid::Template#pa
rse'
	from C:/Users/100gu/.local/share/gem/r
uby/3.4.0/gems/liquid-4.0.4/lib/liquid/
template.rb:114:in 'Liquid::Template.pa
rse'
	from C:/Users/100gu/.local/share/gem/r
uby/3.4.0/gems/jekyll-4.4.1/lib/jekyll/
liquid_renderer/file.rb:13:in 'block in
 Jekyll::LiquidRenderer::File#parse'
	from C:/Users/100gu/.local/share/gem/r
uby/3.4.0/gems/jekyll-4.4.1/lib/jekyll/
liquid_renderer/file.rb:70:in 'Jekyll::
LiquidRenderer::File#measure_time'
	from C:/Users/100gu/.local/share/gem/r
uby/3.4.0/gems/jekyll-4.4.1/lib/jekyll/
liquid_renderer/file.rb:12:in 'Jekyll::
LiquidRenderer::File#parse'
	from C:/Users/100gu/.local/share/gem/r
uby/3.4.0/gems/jekyll-4.4.1/lib/jekyll/
renderer.rb:124:in 'Jekyll::Renderer#re
nder_liquid'
	from C:/Users/100gu/.local/share/gem/r
uby/3.4.0/gems/jekyll-4.4.1/lib/jekyll/
renderer.rb:192:in 'Jekyll::Renderer#re
nder_layout'
	from C:/Users/100gu/.local/share/gem/r
uby/3.4.0/gems/jekyll-4.4.1/lib/jekyll/
renderer.rb:161:in 'Jekyll::Renderer#pl
ace_in_layouts'
	from C:/Users/100gu/.local/share/gem/r
uby/3.4.0/gems/jekyll-4.4.1/lib/jekyll/
renderer.rb:93:in 'Jekyll::Renderer#ren
der_document'
	from C:/Users/100gu/.local/share/gem/r
uby/3.4.0/gems/jekyll-4.4.1/lib/jekyll/
renderer.rb:63:in 'Jekyll::Renderer#run
'
	from C:/Users/100gu/.local/share/gem/r
uby/3.4.0/gems/jekyll-4.4.1/lib/jekyll/
site.rb:572:in 'Jekyll::Site#render_reg
enerated'
	from C:/Users/100gu/.local/share/gem/r
uby/3.4.0/gems/jekyll-4.4.1/lib/jekyll/
site.rb:557:in 'block (2 levels) in Jek
yll::Site#render_docs'
	from C:/Users/100gu/.local/share/gem/r
uby/3.4.0/gems/jekyll-4.4.1/lib/jekyll/
site.rb:556:in 'Array#each'
	from C:/Users/100gu/.local/share/gem/r
uby/3.4.0/gems/jekyll-4.4.1/lib/jekyll/
site.rb:556:in 'block in Jekyll::Site#r
ender_docs'
	from C:/Users/100gu/.local/share/gem/r
uby/3.4.0/gems/jekyll-4.4.1/lib/jekyll/
site.rb:555:in 'Hash#each_value'
	from C:/Users/100gu/.local/share/gem/r
uby/3.4.0/gems/jekyll-4.4.1/lib/jekyll/
site.rb:555:in 'Jekyll::Site#render_doc
s'
	from C:/Users/100gu/.local/share/gem/r
uby/3.4.0/gems/jekyll-4.4.1/lib/jekyll/
site.rb:210:in 'Jekyll::Site#render'
	from C:/Users/100gu/.local/share/gem/r
uby/3.4.0/gems/jekyll-4.4.1/lib/jekyll/
site.rb:80:in 'Jekyll::Site#process'
	from C:/Users/100gu/.local/share/gem/r
uby/3.4.0/gems/jekyll-4.4.1/lib/jekyll/
command.rb:28:in 'Jekyll::Command.proce
ss_site'
	from C:/Users/100gu/.local/share/gem/r
uby/3.4.0/gems/jekyll-4.4.1/lib/jekyll/
commands/build.rb:65:in 'Jekyll::Comman
ds::Build.build'
	from C:/Users/100gu/.local/share/gem/r
uby/3.4.0/gems/jekyll-4.4.1/lib/jekyll/
commands/build.rb:36:in 'Jekyll::Comman
ds::Build.process'
	from C:/Users/100gu/.local/share/gem/r
uby/3.4.0/gems/jekyll-4.4.1/lib/jekyll/
command.rb:91:in 'block in Jekyll::Comm
and.process_with_graceful_fail'
	from C:/Users/100gu/.local/share/gem/r
uby/3.4.0/gems/jekyll-4.4.1/lib/jekyll/
command.rb:91:in 'Array#each'
	from C:/Users/100gu/.local/share/gem/r
uby/3.4.0/gems/jekyll-4.4.1/lib/jekyll/
command.rb:91:in 'Jekyll::Command.proce
ss_with_graceful_fail'
	from C:/Users/100gu/.local/share/gem/r
uby/3.4.0/gems/jekyll-4.4.1/lib/jekyll/
commands/build.rb:18:in 'block (2 level
s) in Jekyll::Commands::Build.init_with
_program'
	from C:/Users/100gu/.local/share/gem/r
uby/3.4.0/gems/mercenary-0.4.0/lib/merc
enary/command.rb:221:in 'block in Merce
nary::Command#execute'
	from C:/Users/100gu/.local/share/gem/r
uby/3.4.0/gems/mercenary-0.4.0/lib/merc
enary/command.rb:221:in 'Array#each'
	from C:/Users/100gu/.local/share/gem/r
uby/3.4.0/gems/mercenary-0.4.0/lib/merc
enary/command.rb:221:in 'Mercenary::Com
mand#execute'
	from C:/Users/100gu/.local/share/gem/r
uby/3.4.0/gems/mercenary-0.4.0/lib/merc
enary/program.rb:44:in 'Mercenary::Prog
ram#go'
	from C:/Users/100gu/.local/share/gem/r
uby/3.4.0/gems/mercenary-0.4.0/lib/merc
enary.rb:21:in 'Mercenary.program'
	from C:/Users/100gu/.local/share/gem/r
uby/3.4.0/gems/jekyll-4.4.1/exe/jekyll:
15:in '<top (required)>'
	from C:/Users/100gu/AppData/Local/Micr
osoft/WindowsApps/jekyll:36:in 'Kernel#
load'
	from C:/Users/100gu/AppData/Local/Micr
osoft/WindowsApps/jekyll:36:in '<top (r
equired)>'
	from C:/Users/100gu/.local/share/gem/r
uby/3.4.0/gems/bundler-4.0.8/lib/bundle
r/cli/exec.rb:61:in 'Kernel.load'
	from C:/Users/100gu/.local/share/gem/r
uby/3.4.0/gems/bundler-4.0.8/lib/bundle
r/cli/exec.rb:61:in 'Bundler::CLI::Exec
#kernel_load'
	from C:/Users/100gu/.local/share/gem/r
uby/3.4.0/gems/bundler-4.0.8/lib/bundle
r/cli/exec.rb:24:in 'Bundler::CLI::Exec
#run'
	from C:/Users/100gu/.local/share/gem/r
uby/3.4.0/gems/bundler-4.0.8/lib/bundle
r/cli.rb:504:in 'Bundler::CLI#exec'
	from C:/Users/100gu/.local/share/gem/r
uby/3.4.0/gems/bundler-4.0.8/lib/bundle
r/vendor/thor/lib/thor/command.rb:28:in
 'Bundler::Thor::Command#run'
	from C:/Users/100gu/.local/share/gem/r
uby/3.4.0/gems/bundler-4.0.8/lib/bundle
r/vendor/thor/lib/thor/invocation.rb:12
7:in 'Bundler::Thor::Invocation#invoke_
command'
	from C:/Users/100gu/.local/share/gem/r
uby/3.4.0/gems/bundler-4.0.8/lib/bundle
r/vendor/thor/lib/thor.rb:538:in 'Bundl
er::Thor.dispatch'
	from C:/Users/100gu/.local/share/gem/r
uby/3.4.0/gems/bundler-4.0.8/lib/bundle
r/cli.rb:35:in 'Bundler::CLI.dispatch'
	from C:/Users/100gu/.local/share/gem/r
uby/3.4.0/gems/bundler-4.0.8/lib/bundle
r/vendor/thor/lib/thor/base.rb:584:in '
Bundler::Thor::Base::ClassMethods#start
'
	from C:/Users/100gu/.local/share/gem/r
uby/3.4.0/gems/bundler-4.0.8/lib/bundle
r/cli.rb:29:in 'Bundler::CLI.start'
	from C:/Users/100gu/.local/share/gem/r
uby/3.4.0/gems/bundler-4.0.8/exe/bundle
:28:in 'block in <top (required)>'
	from C:/Users/100gu/.local/share/gem/r
uby/3.4.0/gems/bundler-4.0.8/lib/bundle
r/friendly_errors.rb:118:in 'Bundler.wi
th_friendly_errors'
	from C:/Users/100gu/.local/share/gem/r
uby/3.4.0/gems/bundler-4.0.8/exe/bundle
:20:in '<top (required)>'
	from C:/Ruby34-x64/bin/bundle:33:in 'K
ernel#load'
	from C:/Ruby34-x64/bin/bundle:33:in '<
main>'
